// Jest Snapshot v1, https://goo.gl/fbAQLP

exports[`/rpc/me fail 401 1`] = `
Object {
  "body": Object {
    "code": "42501",
    "details": null,
    "hint": null,
    "message": "permission denied for function me",
  },
  "status": 401,
  "statusText": "Unauthorized",
}
`;

exports[`/rpc/me success 200 GET 1`] = `
Object {
  "body": Object {
    "email": "alice@email.com",
    "id": 1,
    "name": "alice",
    "role": "webuser",
  },
  "status": 200,
  "statusText": "OK",
}
`;

exports[`/rpc/me success 200 POST 1`] = `
Object {
  "body": Object {
    "email": "alice@email.com",
    "id": 1,
    "name": "alice",
    "role": "webuser",
  },
  "status": 200,
  "statusText": "OK",
}
`;
