// Jest Snapshot v1, https://goo.gl/fbAQLP

exports[`my beverage Dummy test test 1`] = `
Object {
  "name": "Danie",
}
`;

exports[`my beverage is delicious 1`] = `
Object {
  "hi": "there",
}
`;
